2000-01-01T00:00:00.0000000Z neutral output
2000-01-01T00:00:00.0000000Z ##[group]Run neutral command
2000-01-01T00:00:00.0000000Z neutral output
2000-01-01T00:00:00.0000000Z neutral output
2000-01-01T00:00:00.0000000Z neutral output
2000-01-01T00:00:00.0000000Z neutral output
2000-01-01T00:00:00.0000000Z neutral output
2000-01-01T00:00:00.0000000Z neutral output
2000-01-01T00:00:00.0000000Z neutral output
2000-01-01T00:00:00.0000000Z ##[endgroup]
2000-01-01T00:00:00.0000000Z ##[group]Run neutral command
2000-01-01T00:00:00.0000000Z neutral output
2000-01-01T00:00:00.0000000Z neutral output
2000-01-01T00:00:00.0000000Z neutral output
2000-01-01T00:00:00.0000000Z ##[endgroup]
2000-01-01T00:00:00.0000000Z ##[group]Run neutral command
2000-01-01T00:00:00.0000000Z neutral output
2000-01-01T00:00:00.0000000Z neutral output
2000-01-01T00:00:00.0000000Z neutral output
2000-01-01T00:00:00.0000000Z neutral output
2000-01-01T00:00:00.0000000Z ##[endgroup]
2000-01-01T00:00:00.0000000Z ##[group]Run neutral command
2000-01-01T00:00:00.0000000Z neutral output
2000-01-01T00:00:00.0000000Z neutral output
2000-01-01T00:00:00.0000000Z neutral output
2000-01-01T00:00:00.0000000Z neutral output
2000-01-01T00:00:00.0000000Z neutral output
2000-01-01T00:00:00.0000000Z ##[endgroup]
2000-01-01T00:00:00.0000000Z neutral output
2000-01-01T00:00:00.0000000Z neutral output
2000-01-01T00:00:00.0000000Z neutral output
2000-01-01T00:00:00.0000000Z neutral output
2000-01-01T00:00:00.0000000Z neutral output
2000-01-01T00:00:00.0000000Z neutral output
2000-01-01T00:00:00.0000000Z neutral output
2000-01-01T00:00:00.0000000Z neutral output
2000-01-01T00:00:00.0000000Z neutral output
2000-01-01T00:00:00.0000000Z ##[group]Run neutral command
2000-01-01T00:00:00.0000000Z neutral output
2000-01-01T00:00:00.0000000Z   neutral output
2000-01-01T00:00:00.0000000Z   neutral output
2000-01-01T00:00:00.0000000Z   neutral output
2000-01-01T00:00:00.0000000Z   neutral output
2000-01-01T00:00:00.0000000Z   neutral output
neutral output

2000-01-01T00:00:00.0000000Z   neutral output
2000-01-01T00:00:00.0000000Z   neutral output
2000-01-01T00:00:00.0000000Z   neutral output
2000-01-01T00:00:00.0000000Z   neutral output
2000-01-01T00:00:00.0000000Z   neutral output
2000-01-01T00:00:00.0000000Z   neutral output
2000-01-01T00:00:00.0000000Z   neutral output
2000-01-01T00:00:00.0000000Z   neutral output
2000-01-01T00:00:00.0000000Z   neutral output
2000-01-01T00:00:00.0000000Z   neutral output
2000-01-01T00:00:00.0000000Z   neutral output
2000-01-01T00:00:00.0000000Z   neutral output
2000-01-01T00:00:00.0000000Z env:
2000-01-01T00:00:00.0000000Z   NEUTRAL: neutral
2000-01-01T00:00:00.0000000Z   NEUTRAL: neutral
2000-01-01T00:00:00.0000000Z   NEUTRAL: neutral
2000-01-01T00:00:00.0000000Z ##[endgroup]
2000-01-01T00:00:00.0000000Z neutral output
2000-01-01T00:00:00.0000000Z ##[group]Run neutral command
2000-01-01T00:00:00.0000000Z neutral output
2000-01-01T00:00:00.0000000Z neutral output
2000-01-01T00:00:00.0000000Z neutral output
2000-01-01T00:00:00.0000000Z ##[endgroup]
2000-01-01T00:00:00.0000000Z neutral output
2000-01-01T00:00:00.0000000Z neutral output
2000-01-01T00:00:00.0000000Z neutral output
2000-01-01T00:00:00.0000000Z ##[group]Run neutral command
2000-01-01T00:00:00.0000000Z ##[endgroup]
2000-01-01T00:00:00.0000000Z ##[group]Run neutral command
2000-01-01T00:00:00.0000000Z neutral output
2000-01-01T00:00:00.0000000Z neutral output
2000-01-01T00:00:00.0000000Z neutral output
2000-01-01T00:00:00.0000000Z neutral output
2000-01-01T00:00:00.0000000Z neutral output
2000-01-01T00:00:00.0000000Z neutral output
2000-01-01T00:00:00.0000000Z neutral output
2000-01-01T00:00:00.0000000Z neutral output
2000-01-01T00:00:00.0000000Z neutral output
2000-01-01T00:00:00.0000000Z neutral output
2000-01-01T00:00:00.0000000Z neutral output
2000-01-01T00:00:00.0000000Z neutral output
2000-01-01T00:00:00.0000000Z neutral output
2000-01-01T00:00:00.0000000Z neutral output
2000-01-01T00:00:00.0000000Z neutral output
2000-01-01T00:00:00.0000000Z neutral output
2000-01-01T00:00:00.0000000Z ##[endgroup]
2000-01-01T00:00:00.0000000Z ##[group]Run neutral command
2000-01-01T00:00:00.0000000Z neutral output
2000-01-01T00:00:00.0000000Z ##[endgroup]
2000-01-01T00:00:00.0000000Z ##[group]Run neutral command
2000-01-01T00:00:00.0000000Z neutral output
2000-01-01T00:00:00.0000000Z neutral output
2000-01-01T00:00:00.0000000Z neutral output
2000-01-01T00:00:00.0000000Z neutral output
2000-01-01T00:00:00.0000000Z neutral output
2000-01-01T00:00:00.0000000Z neutral output
2000-01-01T00:00:00.0000000Z neutral output
2000-01-01T00:00:00.0000000Z neutral output
2000-01-01T00:00:00.0000000Z neutral output
2000-01-01T00:00:00.0000000Z neutral output
2000-01-01T00:00:00.0000000Z neutral output
2000-01-01T00:00:00.0000000Z neutral output
2000-01-01T00:00:00.0000000Z neutral output
2000-01-01T00:00:00.0000000Z neutral output
2000-01-01T00:00:00.0000000Z ##[endgroup]
2000-01-01T00:00:00.0000000Z ##[group]Run neutral command
2000-01-01T00:00:00.0000000Z neutral output
2000-01-01T00:00:00.0000000Z neutral output
2000-01-01T00:00:00.0000000Z  neutral output
2000-01-01T00:00:00.0000000Z neutral output
2000-01-01T00:00:00.0000000Z neutral output
2000-01-01T00:00:00.0000000Z ##[endgroup]
2000-01-01T00:00:00.0000000Z ##[group]Run neutral command
2000-01-01T00:00:00.0000000Z ##[endgroup]
2000-01-01T00:00:00.0000000Z ##[group]Run neutral command
2000-01-01T00:00:00.0000000Z neutral output
2000-01-01T00:00:00.0000000Z neutral output
2000-01-01T00:00:00.0000000Z neutral output
2000-01-01T00:00:00.0000000Z ##[endgroup]
2000-01-01T00:00:00.0000000Z ##[group]Run neutral command
2000-01-01T00:00:00.0000000Z neutral output
2000-01-01T00:00:00.0000000Z neutral output
2000-01-01T00:00:00.0000000Z neutral output
2000-01-01T00:00:00.0000000Z neutral output
2000-01-01T00:00:00.0000000Z neutral output
2000-01-01T00:00:00.0000000Z neutral output
2000-01-01T00:00:00.0000000Z neutral output
2000-01-01T00:00:00.0000000Z neutral output
2000-01-01T00:00:00.0000000Z neutral output
2000-01-01T00:00:00.0000000Z neutral output
2000-01-01T00:00:00.0000000Z   neutral output
2000-01-01T00:00:00.0000000Z neutral output
2000-01-01T00:00:00.0000000Z neutral output
2000-01-01T00:00:00.0000000Z neutral output
2000-01-01T00:00:00.0000000Z   neutral output
2000-01-01T00:00:00.0000000Z neutral output
2000-01-01T00:00:00.0000000Z neutral output
2000-01-01T00:00:00.0000000Z neutral output
2000-01-01T00:00:00.0000000Z neutral output
2000-01-01T00:00:00.0000000Z ##[endgroup]
2000-01-01T00:00:00.0000000Z neutral output
2000-01-01T00:00:00.0000000Z neutral output
2000-01-01T00:00:00.0000000Z ##[group]Run neutral command
2000-01-01T00:00:00.0000000Z neutral output
2000-01-01T00:00:00.0000000Z neutral output
2000-01-01T00:00:00.0000000Z neutral output
2000-01-01T00:00:00.0000000Z neutral output
2000-01-01T00:00:00.0000000Z neutral output
2000-01-01T00:00:00.0000000Z neutral output
2000-01-01T00:00:00.0000000Z neutral output
2000-01-01T00:00:00.0000000Z neutral output
2000-01-01T00:00:00.0000000Z neutral output
2000-01-01T00:00:00.0000000Z neutral output
2000-01-01T00:00:00.0000000Z neutral output
2000-01-01T00:00:00.0000000Z neutral output
2000-01-01T00:00:00.0000000Z neutral output
2000-01-01T00:00:00.0000000Z neutral output
2000-01-01T00:00:00.0000000Z neutral output
2000-01-01T00:00:00.0000000Z neutral output
2000-01-01T00:00:00.0000000Z neutral output
2000-01-01T00:00:00.0000000Z neutral output
2000-01-01T00:00:00.0000000Z neutral output
2000-01-01T00:00:00.0000000Z neutral output
2000-01-01T00:00:00.0000000Z neutral output
2000-01-01T00:00:00.0000000Z neutral output
2000-01-01T00:00:00.0000000Z neutral output
2000-01-01T00:00:00.0000000Z neutral output
2000-01-01T00:00:00.0000000Z neutral output
2000-01-01T00:00:00.0000000Z neutral output
2000-01-01T00:00:00.0000000Z ##[endgroup]
2000-01-01T00:00:00.0000000Z ##[group]Run neutral command
2000-01-01T00:00:00.0000000Z neutral output
2000-01-01T00:00:00.0000000Z neutral output
2000-01-01T00:00:00.0000000Z shell: /usr/bin/bash -e {0}
2000-01-01T00:00:00.0000000Z env:
2000-01-01T00:00:00.0000000Z   NEUTRAL: neutral
2000-01-01T00:00:00.0000000Z   NEUTRAL: neutral
2000-01-01T00:00:00.0000000Z   NEUTRAL: neutral
2000-01-01T00:00:00.0000000Z ##[endgroup]
2000-01-01T00:00:00.0000000Z ##[group]Run neutral command
2000-01-01T00:00:00.0000000Z neutral output
2000-01-01T00:00:00.0000000Z neutral output
2000-01-01T00:00:00.0000000Z neutral output
2000-01-01T00:00:00.0000000Z neutral output
2000-01-01T00:00:00.0000000Z neutral output
2000-01-01T00:00:00.0000000Z neutral output
2000-01-01T00:00:00.0000000Z neutral output
2000-01-01T00:00:00.0000000Z neutral output
2000-01-01T00:00:00.0000000Z neutral output
2000-01-01T00:00:00.0000000Z neutral output
2000-01-01T00:00:00.0000000Z neutral output
2000-01-01T00:00:00.0000000Z neutral output
2000-01-01T00:00:00.0000000Z neutral output
2000-01-01T00:00:00.0000000Z neutral output
2000-01-01T00:00:00.0000000Z neutral output
2000-01-01T00:00:00.0000000Z neutral output
2000-01-01T00:00:00.0000000Z neutral output
2000-01-01T00:00:00.0000000Z neutral output
2000-01-01T00:00:00.0000000Z neutral output
2000-01-01T00:00:00.0000000Z neutral output
2000-01-01T00:00:00.0000000Z neutral output
2000-01-01T00:00:00.0000000Z neutral output
2000-01-01T00:00:00.0000000Z neutral output
2000-01-01T00:00:00.0000000Z neutral output
2000-01-01T00:00:00.0000000Z neutral output
2000-01-01T00:00:00.0000000Z neutral output
2000-01-01T00:00:00.0000000Z neutral output
2000-01-01T00:00:00.0000000Z neutral output
2000-01-01T00:00:00.0000000Z neutral output
2000-01-01T00:00:00.0000000Z neutral output
2000-01-01T00:00:00.0000000Z neutral output
2000-01-01T00:00:00.0000000Z neutral output
2000-01-01T00:00:00.0000000Z neutral output
2000-01-01T00:00:00.0000000Z neutral output
2000-01-01T00:00:00.0000000Z neutral output
2000-01-01T00:00:00.0000000Z neutral output
2000-01-01T00:00:00.0000000Z neutral output
2000-01-01T00:00:00.0000000Z neutral output
2000-01-01T00:00:00.0000000Z neutral output
2000-01-01T00:00:00.0000000Z neutral output
2000-01-01T00:00:00.0000000Z neutral output
2000-01-01T00:00:00.0000000Z neutral output
2000-01-01T00:00:00.0000000Z neutral output
2000-01-01T00:00:00.0000000Z neutral output
2000-01-01T00:00:00.0000000Z neutral output
2000-01-01T00:00:00.0000000Z neutral output
2000-01-01T00:00:00.0000000Z neutral output
2000-01-01T00:00:00.0000000Z neutral output
2000-01-01T00:00:00.0000000Z neutral output
2000-01-01T00:00:00.0000000Z neutral output
2000-01-01T00:00:00.0000000Z neutral output
2000-01-01T00:00:00.0000000Z neutral output
2000-01-01T00:00:00.0000000Z neutral output
2000-01-01T00:00:00.0000000Z neutral output
2000-01-01T00:00:00.0000000Z neutral output
2000-01-01T00:00:00.0000000Z neutral output
2000-01-01T00:00:00.0000000Z neutral output
2000-01-01T00:00:00.0000000Z neutral output
2000-01-01T00:00:00.0000000Z neutral output
2000-01-01T00:00:00.0000000Z neutral output
2000-01-01T00:00:00.0000000Z neutral output
2000-01-01T00:00:00.0000000Z neutral output
2000-01-01T00:00:00.0000000Z neutral output
2000-01-01T00:00:00.0000000Z neutral output
2000-01-01T00:00:00.0000000Z neutral output
2000-01-01T00:00:00.0000000Z neutral output
2000-01-01T00:00:00.0000000Z neutral output
2000-01-01T00:00:00.0000000Z neutral output
2000-01-01T00:00:00.0000000Z neutral output
2000-01-01T00:00:00.0000000Z neutral output
2000-01-01T00:00:00.0000000Z neutral output
2000-01-01T00:00:00.0000000Z neutral output
2000-01-01T00:00:00.0000000Z neutral output
2000-01-01T00:00:00.0000000Z neutral output
2000-01-01T00:00:00.0000000Z neutral output
2000-01-01T00:00:00.0000000Z neutral output
2000-01-01T00:00:00.0000000Z neutral output
2000-01-01T00:00:00.0000000Z neutral output
2000-01-01T00:00:00.0000000Z neutral output
2000-01-01T00:00:00.0000000Z neutral output
2000-01-01T00:00:00.0000000Z neutral output
2000-01-01T00:00:00.0000000Z neutral output
2000-01-01T00:00:00.0000000Z neutral output
2000-01-01T00:00:00.0000000Z neutral output
2000-01-01T00:00:00.0000000Z neutral output
2000-01-01T00:00:00.0000000Z neutral output
2000-01-01T00:00:00.0000000Z neutral output
2000-01-01T00:00:00.0000000Z neutral output
2000-01-01T00:00:00.0000000Z neutral output
2000-01-01T00:00:00.0000000Z neutral output
2000-01-01T00:00:00.0000000Z neutral output
2000-01-01T00:00:00.0000000Z neutral output
2000-01-01T00:00:00.0000000Z neutral output
2000-01-01T00:00:00.0000000Z neutral output
2000-01-01T00:00:00.0000000Z neutral output
2000-01-01T00:00:00.0000000Z neutral output
2000-01-01T00:00:00.0000000Z neutral output
2000-01-01T00:00:00.0000000Z neutral output
2000-01-01T00:00:00.0000000Z neutral output
2000-01-01T00:00:00.0000000Z neutral output
2000-01-01T00:00:00.0000000Z neutral output
2000-01-01T00:00:00.0000000Z neutral output
2000-01-01T00:00:00.0000000Z neutral output
2000-01-01T00:00:00.0000000Z neutral output
2000-01-01T00:00:00.0000000Z neutral output
2000-01-01T00:00:00.0000000Z neutral output
2000-01-01T00:00:00.0000000Z neutral output
2000-01-01T00:00:00.0000000Z neutral output
2000-01-01T00:00:00.0000000Z neutral output
2000-01-01T00:00:00.0000000Z neutral output
2000-01-01T00:00:00.0000000Z neutral output
2000-01-01T00:00:00.0000000Z neutral output
2000-01-01T00:00:00.0000000Z neutral output
2000-01-01T00:00:00.0000000Z neutral output
2000-01-01T00:00:00.0000000Z neutral output
2000-01-01T00:00:00.0000000Z neutral output
2000-01-01T00:00:00.0000000Z neutral output
2000-01-01T00:00:00.0000000Z neutral output
2000-01-01T00:00:00.0000000Z neutral output
2000-01-01T00:00:00.0000000Z neutral output
2000-01-01T00:00:00.0000000Z neutral output
2000-01-01T00:00:00.0000000Z neutral output
2000-01-01T00:00:00.0000000Z neutral output
2000-01-01T00:00:00.0000000Z neutral output
2000-01-01T00:00:00.0000000Z neutral output
2000-01-01T00:00:00.0000000Z neutral output
2000-01-01T00:00:00.0000000Z neutral output
2000-01-01T00:00:00.0000000Z neutral output
2000-01-01T00:00:00.0000000Z neutral output
2000-01-01T00:00:00.0000000Z neutral output
2000-01-01T00:00:00.0000000Z neutral output
2000-01-01T00:00:00.0000000Z neutral output
2000-01-01T00:00:00.0000000Z neutral output
2000-01-01T00:00:00.0000000Z neutral output
2000-01-01T00:00:00.0000000Z neutral output
2000-01-01T00:00:00.0000000Z neutral output
2000-01-01T00:00:00.0000000Z neutral output
2000-01-01T00:00:00.0000000Z neutral output
2000-01-01T00:00:00.0000000Z neutral output
2000-01-01T00:00:00.0000000Z neutral output
2000-01-01T00:00:00.0000000Z neutral output
2000-01-01T00:00:00.0000000Z neutral output
2000-01-01T00:00:00.0000000Z neutral output
2000-01-01T00:00:00.0000000Z neutral output
2000-01-01T00:00:00.0000000Z neutral output
2000-01-01T00:00:00.0000000Z neutral output
2000-01-01T00:00:00.0000000Z neutral output
2000-01-01T00:00:00.0000000Z neutral output
2000-01-01T00:00:00.0000000Z neutral output
2000-01-01T00:00:00.0000000Z neutral output
2000-01-01T00:00:00.0000000Z neutral output
2000-01-01T00:00:00.0000000Z neutral output
2000-01-01T00:00:00.0000000Z neutral output
2000-01-01T00:00:00.0000000Z neutral output
2000-01-01T00:00:00.0000000Z neutral output
2000-01-01T00:00:00.0000000Z neutral output
2000-01-01T00:00:00.0000000Z neutral output
2000-01-01T00:00:00.0000000Z neutral output
2000-01-01T00:00:00.0000000Z neutral output
2000-01-01T00:00:00.0000000Z neutral output
2000-01-01T00:00:00.0000000Z neutral output
2000-01-01T00:00:00.0000000Z neutral output
2000-01-01T00:00:00.0000000Z neutral output
2000-01-01T00:00:00.0000000Z neutral output
2000-01-01T00:00:00.0000000Z neutral output
2000-01-01T00:00:00.0000000Z neutral output
2000-01-01T00:00:00.0000000Z neutral output
2000-01-01T00:00:00.0000000Z neutral output
2000-01-01T00:00:00.0000000Z neutral output
2000-01-01T00:00:00.0000000Z neutral output
2000-01-01T00:00:00.0000000Z neutral output
2000-01-01T00:00:00.0000000Z neutral output
2000-01-01T00:00:00.0000000Z neutral output
2000-01-01T00:00:00.0000000Z neutral output
2000-01-01T00:00:00.0000000Z neutral output
2000-01-01T00:00:00.0000000Z neutral output
2000-01-01T00:00:00.0000000Z neutral output
2000-01-01T00:00:00.0000000Z neutral output
2000-01-01T00:00:00.0000000Z neutral output
2000-01-01T00:00:00.0000000Z neutral output
2000-01-01T00:00:00.0000000Z neutral output
2000-01-01T00:00:00.0000000Z neutral output
2000-01-01T00:00:00.0000000Z neutral output
2000-01-01T00:00:00.0000000Z neutral output
2000-01-01T00:00:00.0000000Z neutral output
2000-01-01T00:00:00.0000000Z neutral output
2000-01-01T00:00:00.0000000Z neutral output
2000-01-01T00:00:00.0000000Z neutral output
2000-01-01T00:00:00.0000000Z neutral output
2000-01-01T00:00:00.0000000Z neutral output
2000-01-01T00:00:00.0000000Z neutral output
2000-01-01T00:00:00.0000000Z neutral output
2000-01-01T00:00:00.0000000Z neutral output
2000-01-01T00:00:00.0000000Z neutral output
2000-01-01T00:00:00.0000000Z neutral output
2000-01-01T00:00:00.0000000Z neutral output
2000-01-01T00:00:00.0000000Z neutral output
2000-01-01T00:00:00.0000000Z neutral output
2000-01-01T00:00:00.0000000Z shell: /usr/bin/bash -e {0}
2000-01-01T00:00:00.0000000Z env:
2000-01-01T00:00:00.0000000Z   NEUTRAL: neutral
2000-01-01T00:00:00.0000000Z   NEUTRAL: neutral
2000-01-01T00:00:00.0000000Z   NEUTRAL: neutral
2000-01-01T00:00:00.0000000Z   NEUTRAL: neutral
2000-01-01T00:00:00.0000000Z   NEUTRAL: neutral
2000-01-01T00:00:00.0000000Z   NEUTRAL: neutral
2000-01-01T00:00:00.0000000Z   NEUTRAL: neutral
2000-01-01T00:00:00.0000000Z   NEUTRAL: neutral
2000-01-01T00:00:00.0000000Z   NEEDS: {
  "neutral": {
    "neutral": "neutral",
    "neutral": {
      "neutral": "neutral",
      "neutral": "neutral",
      "neutral": "neutral",
      "neutral": "neutral",
      "neutral": "neutral",
      "neutral": "neutral",
      "neutral": "neutral",
      "neutral": "neutral",
      "neutral": "neutral",
      "neutral": "neutral",
      "neutral": "neutral",
      "neutral": "neutral",
      "neutral": "neutral",
      "neutral": "neutral",
      "neutral": "neutral",
      "neutral": "neutral",
      "neutral": "neutral",
      "neutral": "neutral",
      "neutral": "neutral",
      "neutral": "neutral",
      "neutral": "neutral",
      "neutral": "neutral",
      "neutral": "neutral",
      "neutral": "neutral",
      "neutral": "neutral",
      "neutral": "neutral",
      "neutral": "neutral",
      "neutral": "neutral",
      "neutral": "neutral",
      "neutral": "neutral",
      "neutral": "neutral",
      "neutral": "neutral",
      "neutral": "neutral",
      "neutral": "neutral",
      "neutral": "neutral",
      "neutral": "neutral",
      "neutral": "neutral",
      "neutral": "neutral",
      "neutral": "neutral",
      "neutral": "neutral",
      "neutral": "neutral",
      "neutral": "neutral",
      "neutral": "neutral",
      "neutral": "neutral",
      "neutral": "neutral",
      "neutral": "neutral",
      "neutral": "neutral",
      "neutral": "neutral",
      "neutral": "neutral",
      "neutral": "neutral",
      "neutral": "neutral",
      "neutral": "neutral",
      "neutral": "neutral"
    }
  },
  "neutral": {
    "neutral": "neutral",
    "neutral": {
      "neutral": "neutral"
    }
  },
  "neutral": {
    "neutral": "neutral",
    "neutral": {}
  },
  "neutral": {
    "neutral": "neutral",
    "neutral": {}
  },
  "neutral": {
    "neutral": "neutral",
    "neutral": {}
  },
  "neutral": {
    "neutral": "neutral",
    "neutral": {}
  },
  "neutral": {
    "neutral": "neutral",
    "neutral": {}
  },
  "neutral": {
    "neutral": "neutral",
    "neutral": {}
  },
  "neutral": {
    "neutral": "neutral",
    "neutral": {}
  },
  "neutral": {
    "neutral": "neutral",
    "neutral": {}
  },
  "neutral": {
    "neutral": "neutral",
    "neutral": {}
  },
  "neutral": {
    "neutral": "neutral",
    "neutral": {}
  },
  "neutral": {
    "neutral": "neutral",
    "neutral": {}
  },
  "neutral": {
    "neutral": "neutral",
    "neutral": {}
  },
  "neutral": {
    "neutral": "neutral",
    "neutral": {}
  },
  "neutral": {
    "neutral": "neutral",
    "neutral": {}
  },
  "neutral": {
    "neutral": "neutral",
    "neutral": {}
  },
  "neutral": {
    "neutral": "neutral",
    "neutral": {}
  },
  "neutral": {
    "neutral": "neutral",
    "neutral": {}
  },
  "neutral": {
    "neutral": "neutral",
    "neutral": {}
  },
  "neutral": {
    "neutral": "neutral",
    "neutral": {}
  },
  "neutral": {
    "neutral": "neutral",
    "neutral": {}
  },
  "neutral": {
    "neutral": "neutral",
    "neutral": {}
  },
  "neutral": {
    "neutral": "neutral",
    "neutral": {}
  },
  "neutral": {
    "neutral": "neutral",
    "neutral": {}
  },
  "neutral": {
    "neutral": "neutral",
    "neutral": {}
  },
  "neutral": {
    "neutral": "neutral",
    "neutral": {}
  },
  "neutral": {
    "neutral": "neutral",
    "neutral": {}
  },
  "neutral": {
    "neutral": "neutral",
    "neutral": {}
  },
  "neutral": {
    "neutral": "neutral",
    "neutral": {}
  },
  "neutral": {
    "neutral": "neutral",
    "neutral": {}
  },
  "neutral": {
    "neutral": "neutral",
    "neutral": {}
  },
  "neutral": {
    "neutral": "neutral",
    "neutral": {}
  },
  "neutral": {
    "neutral": "neutral",
    "neutral": {}
  }
}
2000-01-01T00:00:00.0000000Z   NEUTRAL: neutral
  "neutral": "neutral",
  "neutral": "neutral",
  "neutral": "neutral",
  "neutral": "neutral",
  "neutral": "neutral",
  "neutral": "neutral",
  "neutral": "neutral",
  "neutral": "neutral",
  "neutral": "neutral",
  "neutral": "neutral",
  "neutral": "neutral",
  "neutral": "neutral",
  "neutral": "neutral",
  "neutral": "neutral",
  "neutral": "neutral",
  "neutral": "neutral",
  "neutral": "neutral",
  "neutral": "neutral",
  "neutral": "neutral",
  "neutral": "neutral",
  "neutral": "neutral",
  "neutral": "neutral",
  "neutral": "neutral",
  "neutral": "neutral",
  "neutral": "neutral",
  "neutral": "neutral",
  "neutral": "neutral",
  "neutral": "neutral",
  "neutral": "neutral",
  "neutral": "neutral",
  "neutral": "neutral",
  "neutral": "neutral",
  "neutral": "neutral",
  "neutral": "neutral",
  "neutral": "neutral",
  "neutral": "neutral",
  "neutral": "neutral",
  "neutral": "neutral",
  "neutral": "neutral",
  "neutral": "neutral",
  "neutral": "neutral",
  "neutral": "neutral",
  "neutral": "neutral",
  "neutral": "neutral",
  "neutral": "neutral",
  "neutral": "neutral",
  "neutral": "neutral",
  "neutral": "neutral",
  "neutral": "neutral",
  "neutral": "neutral",
  "neutral": "neutral",
  "neutral": "neutral",
  "neutral": "neutral"
}
2000-01-01T00:00:00.0000000Z   NEUTRAL: neutral
2000-01-01T00:00:00.0000000Z   NEUTRAL: neutral
2000-01-01T00:00:00.0000000Z   NEUTRAL: neutral
2000-01-01T00:00:00.0000000Z   NEUTRAL: neutral
2000-01-01T00:00:00.0000000Z   NEUTRAL: neutral
2000-01-01T00:00:00.0000000Z   NEUTRAL: neutral
2000-01-01T00:00:00.0000000Z   COVERAGE_PROFILE: pilot-fast-v1
2000-01-01T00:00:00.0000000Z   PILOT_FAST_JOBS: ["ci-tests"]
2000-01-01T00:00:00.0000000Z   NEUTRAL: neutral
2000-01-01T00:00:00.0000000Z   NEUTRAL: neutral
2000-01-01T00:00:00.0000000Z   NEUTRAL: neutral
2000-01-01T00:00:00.0000000Z   NEUTRAL: neutral
2000-01-01T00:00:00.0000000Z   NEUTRAL: neutral
2000-01-01T00:00:00.0000000Z   NEUTRAL: neutral
2000-01-01T00:00:00.0000000Z   NEUTRAL: neutral
2000-01-01T00:00:00.0000000Z   NEUTRAL: neutral
2000-01-01T00:00:00.0000000Z   NEUTRAL: neutral
2000-01-01T00:00:00.0000000Z   NEUTRAL: neutral
2000-01-01T00:00:00.0000000Z ##[endgroup]
2000-01-01T00:00:00.0000000Z ##[group]Run neutral command
2000-01-01T00:00:00.0000000Z neutral output
2000-01-01T00:00:00.0000000Z shell: /usr/bin/bash -e {0}
2000-01-01T00:00:00.0000000Z env:
2000-01-01T00:00:00.0000000Z   NEUTRAL: neutral
2000-01-01T00:00:00.0000000Z   NEUTRAL: neutral
2000-01-01T00:00:00.0000000Z   NEUTRAL: neutral
2000-01-01T00:00:00.0000000Z   NEUTRAL: neutral
2000-01-01T00:00:00.0000000Z   NEUTRAL: neutral
2000-01-01T00:00:00.0000000Z ##[endgroup]
2000-01-01T00:00:00.0000000Z ##[group]Run neutral command
2000-01-01T00:00:00.0000000Z neutral output
2000-01-01T00:00:00.0000000Z   neutral output
2000-01-01T00:00:00.0000000Z   neutral output
2000-01-01T00:00:00.0000000Z   neutral output
2000-01-01T00:00:00.0000000Z   neutral output
2000-01-01T00:00:00.0000000Z   neutral output
2000-01-01T00:00:00.0000000Z   neutral output
2000-01-01T00:00:00.0000000Z   neutral output
2000-01-01T00:00:00.0000000Z   neutral output
2000-01-01T00:00:00.0000000Z env:
2000-01-01T00:00:00.0000000Z   NEUTRAL: neutral
2000-01-01T00:00:00.0000000Z   NEUTRAL: neutral
2000-01-01T00:00:00.0000000Z   NEUTRAL: neutral
2000-01-01T00:00:00.0000000Z   NEUTRAL: neutral
2000-01-01T00:00:00.0000000Z ##[endgroup]
2000-01-01T00:00:00.0000000Z neutral output
2000-01-01T00:00:00.0000000Z neutral output
2000-01-01T00:00:00.0000000Z neutral output
2000-01-01T00:00:00.0000000Z neutral output
2000-01-01T00:00:00.0000000Z neutral output
2000-01-01T00:00:00.0000000Z neutral output
2000-01-01T00:00:00.0000000Z neutral output
2000-01-01T00:00:00.0000000Z neutral output
2000-01-01T00:00:00.0000000Z neutral output
2000-01-01T00:00:00.0000000Z neutral output
2000-01-01T00:00:00.0000000Z neutral output
2000-01-01T00:00:00.0000000Z neutral output
2000-01-01T00:00:00.0000000Z neutral output
2000-01-01T00:00:00.0000000Z neutral output
2000-01-01T00:00:00.0000000Z neutral output
2000-01-01T00:00:00.0000000Z neutral output
2000-01-01T00:00:00.0000000Z neutral output
2000-01-01T00:00:00.0000000Z neutral output
2000-01-01T00:00:00.0000000Z neutral output
2000-01-01T00:00:00.0000000Z neutral output
2000-01-01T00:00:00.0000000Z neutral output
2000-01-01T00:00:00.0000000Z neutral output
2000-01-01T00:00:00.0000000Z neutral output
2000-01-01T00:00:00.0000000Z neutral output
2000-01-01T00:00:00.0000000Z neutral output
2000-01-01T00:00:00.0000000Z neutral output
2000-01-01T00:00:00.0000000Z neutral output
2000-01-01T00:00:00.0000000Z neutral output
