---
source: crates/anonymize-core/src/prepared/detectors/mod.rs
expression: detector_registry_snapshot_data()
---
modules:
  - name: regex
    rules:
      - id: Regex
        stage: EntityRegex
        inputs:
          - RegexMatches
          - FullText
          - RegexMeta
        dependencies: []
        support_resources: []
        additive_scaling_domains:
          - RegexMatches
          - FullText
      - id: CustomRegex
        stage: EntityCustomRegex
        inputs:
          - CustomRegexMatches
          - FullText
          - CustomRegexMeta
        dependencies: []
        support_resources: []
        additive_scaling_domains:
          - CustomRegexMatches
          - FullText
  - name: literal
    rules:
      - id: DenyList
        stage: EntityDenyList
        inputs:
          - LiteralMatches
          - DenyListData
          - SignatureData
          - FullText
        dependencies: []
        support_resources: []
        additive_scaling_domains:
          - LiteralMatches
          - FullText
      - id: Gazetteer
        stage: EntityGazetteer
        inputs:
          - LiteralMatches
          - GazetteerData
          - FullText
        dependencies: []
        support_resources: []
        additive_scaling_domains:
          - LiteralMatches
          - FullText
      - id: Country
        stage: EntityCountry
        inputs:
          - LiteralMatches
          - CountryData
          - FullText
        dependencies: []
        support_resources: []
        additive_scaling_domains:
          - LiteralMatches
          - FullText
  - name: anchored
    rules:
      - id: Anchored
        stage: EntityAnchored
        inputs:
          - FullText
          - DateData
          - MonetaryData
        dependencies: []
        support_resources: []
        additive_scaling_domains:
          - FullText
  - name: trigger
    rules:
      - id: Trigger
        stage: EntityTrigger
        inputs:
          - RegexMatches
          - FullText
          - SignatureData
          - TitleTokens
        dependencies: []
        support_resources:
          - Triggers
        additive_scaling_domains:
          - RegexMatches
          - FullText
  - name: signature
    rules:
      - id: Signature
        stage: EntitySignature
        inputs:
          - FullText
        dependencies: []
        support_resources:
          - Signature
          - NameCorpus
        additive_scaling_domains:
          - FullText
  - name: legal_form
    rules:
      - id: LegalForm
        stage: EntityLegalForm
        inputs:
          - RegexMatches
          - FullText
        dependencies: []
        support_resources:
          - LegalForms
        additive_scaling_domains:
          - RegexMatches
          - FullText
  - name: name_corpus
    rules:
      - id: NameCorpus
        stage: EntityNameCorpus
        inputs:
          - FullText
          - DenyListEntities
        dependencies:
          - DenyList
        support_resources:
          - NameCorpus
        additive_scaling_domains:
          - FullText
          - DenyListEntities
  - name: address_seed
    rules:
      - id: AddressSeed
        stage: EntityAddressSeed
        inputs:
          - LiteralMatches
          - ContextEntities
          - FullText
        dependencies:
          - Regex
          - CustomRegex
          - Anchored
          - Trigger
          - Signature
          - LegalForm
          - DenyList
          - Gazetteer
          - NameCorpus
        support_resources:
          - AddressSeed
        additive_scaling_domains:
          - LiteralMatches
          - ContextEntities
          - FullText
  - name: structured_document_data
    rules:
      - id: StructuredDocumentData
        stage: EntityStructuredDocumentData
        inputs:
          - FullText
        dependencies: []
        support_resources: []
        additive_scaling_domains:
          - FullText
