// Bun Snapshot v1, https://bun.sh/docs/test/snapshots

exports[`snapshot: tracked change XML structure simple replace produces expected XML 1`] = `"<w:document xmlns:w="http://schemas.openxmlformats.org/wordprocessingml/2006/main"><w:body><w:p><w:r><w:t xml:space="preserve">Hello </w:t></w:r><w:del w:id="1" w:author="stella AI" w:date="2026-02-17T12:00:00Z"><w:r><w:delText xml:space="preserve">world</w:delText></w:r></w:del><w:ins w:id="2" w:author="stella AI" w:date="2026-02-17T12:00:00Z"><w:r><w:t xml:space="preserve">earth</w:t></w:r></w:ins></w:p></w:body></w:document>"`;

exports[`snapshot: tracked change XML structure delete produces expected XML 1`] = `"<w:document xmlns:w="http://schemas.openxmlformats.org/wordprocessingml/2006/main"><w:body><w:p><w:r><w:t xml:space="preserve">Remove this </w:t></w:r><w:del w:id="1" w:author="stella AI" w:date="2026-02-17T12:00:00Z"><w:r><w:delText xml:space="preserve">extra </w:delText></w:r></w:del><w:r><w:t xml:space="preserve">word please</w:t></w:r></w:p></w:body></w:document>"`;

exports[`snapshot: tracked change XML structure insert produces expected XML 1`] = `"<w:document xmlns:w="http://schemas.openxmlformats.org/wordprocessingml/2006/main"><w:body><w:p><w:r><w:t xml:space="preserve">The contract is valid</w:t></w:r><w:ins w:id="1" w:author="stella AI" w:date="2026-02-17T12:00:00Z"><w:r><w:t xml:space="preserve"> and enforceable</w:t></w:r></w:ins></w:p></w:body></w:document>"`;

exports[`snapshot: tracked change XML structure multi-edit produces expected XML 1`] = `"<w:document xmlns:w="http://schemas.openxmlformats.org/wordprocessingml/2006/main"><w:body><w:p><w:r><w:t xml:space="preserve">The price is </w:t></w:r><w:del w:id="3" w:author="stella AI" w:date="2026-02-17T12:00:00Z"><w:r><w:delText xml:space="preserve">one</w:delText></w:r></w:del><w:ins w:id="4" w:author="stella AI" w:date="2026-02-17T12:00:00Z"><w:r><w:t xml:space="preserve">two</w:t></w:r></w:ins><w:r><w:t xml:space="preserve"> million dollars</w:t></w:r></w:p><w:p><w:r><w:t xml:space="preserve">The date is </w:t></w:r><w:del w:id="1" w:author="stella AI" w:date="2026-02-17T12:00:00Z"><w:r><w:delText xml:space="preserve">31 March</w:delText></w:r></w:del><w:ins w:id="2" w:author="stella AI" w:date="2026-02-17T12:00:00Z"><w:r><w:t xml:space="preserve">30 June</w:t></w:r></w:ins><w:r><w:t xml:space="preserve"> 2026</w:t></w:r></w:p></w:body></w:document>"`;
